Traceback (most recent call last):
  File "/home/phy3croftj/jb-classic/lib/python3.13/site-packages/jupyter_cache/executors/utils.py", line 58, in single_nb_execution
    executenb(
    ~~~~~~~~~^
        nb,
        ^^^
    ...<4 lines>...
        **kwargs,
        ^^^^^^^^^
    )
    ^
  File "/home/phy3croftj/jb-classic/lib/python3.13/site-packages/nbclient/client.py", line 1323, in execute
    return NotebookClient(nb=nb, resources=resources, km=km, **kwargs).execute()
           ~~~~~~~~~~~~~~~~~~~~~~~~~~~~~~~~~~~~~~~~~~~~~~~~~~~~~~~~~~~~~~~~~~~^^
  File "/home/phy3croftj/jb-classic/lib/python3.13/site-packages/jupyter_core/utils/__init__.py", line 165, in wrapped
    return loop.run_until_complete(inner)
           ~~~~~~~~~~~~~~~~~~~~~~~^^^^^^^
  File "/home/phy3croftj/anaconda3/lib/python3.13/asyncio/base_events.py", line 725, in run_until_complete
    return future.result()
           ~~~~~~~~~~~~~^^
  File "/home/phy3croftj/jb-classic/lib/python3.13/site-packages/nbclient/client.py", line 709, in async_execute
    await self.async_execute_cell(
        cell, index, execution_count=self.code_cells_executed + 1
    )
  File "/home/phy3croftj/jb-classic/lib/python3.13/site-packages/nbclient/client.py", line 1062, in async_execute_cell
    await self._check_raise_for_error(cell, cell_index, exec_reply)
  File "/home/phy3croftj/jb-classic/lib/python3.13/site-packages/nbclient/client.py", line 918, in _check_raise_for_error
    raise CellExecutionError.from_cell_and_msg(cell, exec_reply_content)
nbclient.exceptions.CellExecutionError: An error occurred while executing the following cell:
------------------
# code to produce the animation of the solution y(x,t) shown below 
# with parameters L = pi, alpha = 1 and c = 1

import numpy as np
import matplotlib.pyplot as plt

from matplotlib import animation, rc

# First set up the figure, the axis, and the plot element we want to animate
fig, ax = plt.subplots(figsize=(10, 7.5), dpi=80)
plt.close()

# labels
ax.set_xlim(( 0, np.pi))
ax.set_ylim((-1.1, 1.1))
ax.set_xlabel('$x$',size=16)
ax.set_ylabel('$y(x,t)$',size=16)
ax.set_title('Solution to the above vibrating string problem',weight='bold',size=24)


line, = ax.plot([], [], lw=2)

# initialization function: plot the background of each frame
def init():
    line.set_data([], [])    
    return (line,)

# animation function. This is called sequentially  
def animate(i):
    L = np.pi
    alpha = 1
    c = 1
    x = np.linspace(0, np.pi, 1000)
    y = alpha*np.sin(np.pi*x/L)*np.cos(np.pi*c*i*0.05/L)
    #y = np.sin(np.pi*x/L)*np.exp(-np.pi**2*kappa*(0.1*i)/L**2)+0.5*np.sin(2*np.pi*x/L)*np.exp(-4*np.pi**2*kappa*(0.1*i)/L**2)
    line.set_data(x, y)
    return (line,)
  
anim = animation.FuncAnimation(fig, animate, init_func=init,
                             frames=150, blit=True)
------------------


[31m---------------------------------------------------------------------------[39m
[31mModuleNotFoundError[39m                       Traceback (most recent call last)
[36mCell[39m[36m [39m[32mIn[1][39m[32m, line 4[39m
[32m      1[39m [38;5;66;03m# code to produce the animation of the solution y(x,t) shown below[39;00m
[32m      2[39m [38;5;66;03m# with parameters L = pi, alpha = 1 and c = 1[39;00m
[32m      3[39m 
[32m----> [39m[32m4[39m [38;5;28;01mimport[39;00m numpy [38;5;28;01mas[39;00m np
[32m      5[39m [38;5;28;01mimport[39;00m matplotlib.pyplot [38;5;28;01mas[39;00m plt
[32m      6[39m 
[32m      7[39m [38;5;28;01mfrom[39;00m matplotlib [38;5;28;01mimport[39;00m animation, rc

[31mModuleNotFoundError[39m: No module named 'numpy'

